[backblue.gif]
[fade.gif]
[index.html]
[localhost/ShopOnline/public/content/jquery.min.js]
[localhost/ShopOnline/public/js/bootstrap.min.js]
[localhost/ShopOnline/public/upload/images/banner-1-banner-traiaaa1.png]
[localhost/ShopOnline/public/upload/images/image1-1-banner-traiaaa1.png]
[localhost/ShopOnline/public/upload/images/image2-1-banner-traiaaa1.png]
[localhost/ShopOnline/public/upload/images/image3-1-banner-traiaaa1.png]
[localhost/ShopOnline/public/upload/images/image4-1-banner-traiaaa1.png]
[localhost/ShopOnline/public/upload/images/banner-2-banner-phaiaaa1.png]
[localhost/ShopOnline/public/upload/product/macbook-air-mqd32_3.jpg]
[localhost/ShopOnline/public/upload/product/macbook-air-mqd32_3aaa1.jpg]
[localhost/ShopOnline/public/upload/product/macbook-air-13-mree2.jpg]
[localhost/ShopOnline/public/upload/product/macbook-air-13-mree2aaa1.jpg]
[localhost/ShopOnline/public/upload/product/macbook-air-13-2019-silver-1.png]
[localhost/ShopOnline/public/upload/product/macbook-air-13-2019-silver-1aaa1.png]
[localhost/ShopOnline/public/upload/product/mbp13-gray_128gn-mpxq2.jpg]
[localhost/ShopOnline/public/upload/product/mbp13-gray_128gn-mpxq2aaa1.jpg]
[localhost/ShopOnline/public/upload/product/mbp13touch-silver-37cu-256gb_geo_us_4.jpg]
[localhost/ShopOnline/public/upload/product/mbp13touch-silver-37cu-256gb_geo_us_4aaa1.jpg]
[localhost/ShopOnline/public/upload/product/dellinspiron14n3480-8145.jpg]
[localhost/ShopOnline/public/upload/product/dellinspiron14n3480-8145aaa1.jpg]
[localhost/ShopOnline/public/upload/product/dellvostro155581.jpg]
[localhost/ShopOnline/public/upload/product/dellvostro155581aaa1.jpg]
[localhost/ShopOnline/public/upload/product/dellvostro346870161069jpg.jpg]
[localhost/ShopOnline/public/upload/product/dellvostro346870161069jpgaaa1.jpg]
[localhost/ShopOnline/public/upload/product/dellvostro15-5581-vrf6j1.jpg]
[localhost/ShopOnline/public/upload/product/dellvostro15-5581-vrf6j1aaa1.jpg]
[localhost/ShopOnline/public/upload/product/dell-inspiron-3593-70197457-i5-1035g1.jpg]
[localhost/ShopOnline/public/upload/product/dell-inspiron-3593-70197457-i5-1035g1aaa1.jpg]
[localhost/ShopOnline/public/upload/product/inspiron-3481-laptopnew1.jpg]
[localhost/ShopOnline/public/upload/product/inspiron-3481-laptopnew1aaa1.jpg]
[localhost/ShopOnline/public/upload/product/dellvostro5581a-p77f001.jpg]
[localhost/ShopOnline/public/upload/product/dellvostro5581a-p77f001aaa1.jpg]
[localhost/ShopOnline/public/upload/product/applemousemagicmouse2.jpg]
[localhost/ShopOnline/public/upload/product/applemousemagicmouse2aaa1.jpg]
[localhost/ShopOnline/public/upload/product/Applemagicmouse2MRME2.jpg]
[localhost/ShopOnline/public/upload/product/Applemagicmouse2MRME2aaa1.jpg]
[localhost/ShopOnline/public/upload/product/logitechg903.jpg]
[localhost/ShopOnline/public/upload/product/logitechg903aaa1.jpg]
[localhost/ShopOnline/public/upload/product/logitechg502hero.jpg]
[localhost/ShopOnline/public/upload/product/logitechg502heroaaa1.jpg]
[localhost/ShopOnline/public/upload/images/advertise-3-banner-quang-cao-ngang-1aaa1.png]
[localhost/ShopOnline/public/upload/product/macbook-air-13-2019-gold-1.jpg]
[localhost/ShopOnline/public/upload/product/macbook-air-13-2019-gold-1aaa1.jpg]
[localhost/ShopOnline/public/upload/product/macbook-air-13-silver-mrea2.jpg]
[localhost/ShopOnline/public/upload/product/macbook-air-13-silver-mrea2aaa1.jpg]
[localhost/ShopOnline/public/upload/product/macbook-air-13-2019-grey-1.png]
[localhost/ShopOnline/public/upload/product/macbook-air-13-2019-grey-1aaa1.png]
[localhost/ShopOnline/public/upload/product/macbook-air-13-2019-silver-1_1.png]
[localhost/ShopOnline/public/upload/product/macbook-air-13-2019-silver-1_1aaa1.png]
[localhost/ShopOnline/public/upload/product/macbook-air-13-2019-grey-256_mvfj2.png]
[localhost/ShopOnline/public/upload/product/macbook-air-13-2019-grey-256_mvfj2aaa1.png]
[localhost/ShopOnline/public/upload/product/macbook-air-13-2018-grey-256gb-mre92.png]
[localhost/ShopOnline/public/upload/product/macbook-air-13-2018-grey-256gb-mre92aaa1.png]
[localhost/ShopOnline/public/upload/product/delllatitude7490.jpg]
[localhost/ShopOnline/public/upload/product/delllatitude7490aaa1.jpg]
[localhost/ShopOnline/public/upload/product/dellinspiron3480n4i5107w.jpg]
[localhost/ShopOnline/public/upload/product/dellinspiron3480n4i5107waaa1.jpg]
[localhost/ShopOnline/public/upload/product/dell-inspiron-n3476-c4i51121w-1.png]
[localhost/ShopOnline/public/upload/product/dell-inspiron-n3476-c4i51121w-1aaa1.png]
[localhost/ShopOnline/public/upload/product/dellInspiron-7591-kj2g41.jpg]
[localhost/ShopOnline/public/upload/product/dellInspiron-7591-kj2g41aaa1.jpg]
[localhost/ShopOnline/public/upload/product/dell-inspiron-5480-n5480a.jpg]
[localhost/ShopOnline/public/upload/product/dell-inspiron-5480-n5480aaaa1.jpg]
[localhost/ShopOnline/public/upload/product/dellinspiron3593-70197459.jpg]
[localhost/ShopOnline/public/upload/product/dellinspiron3593-70197459aaa1.jpg]
[localhost/ShopOnline/public/upload/product/chu_t-gaming-logitech-g603-lightspeed-wireless.jpg]
[localhost/ShopOnline/public/upload/product/chu_t-gaming-logitech-g603-lightspeed-wirelessaaa1.jpg]
[localhost/ShopOnline/public/upload/product/chuotlogitechg102.jpg]
[localhost/ShopOnline/public/upload/product/chuotlogitechg102aaa1.jpg]
[localhost/ShopOnline/public/upload/product/mbp13touch-muhp2-256-2019_geo_us.jpg]
[localhost/ShopOnline/public/upload/product/mbp13touch-muhp2-256-2019_geo_usaaa1.jpg]
[localhost/ShopOnline/public/upload/product/dell_xps_15_7580.jpg]
[localhost/ShopOnline/public/upload/product/dell_xps_15_7580aaa1.jpg]
[localhost/ShopOnline/public/upload/product/mtp62_vw_34fr_watch-40-alum-spacegray-nc-5s_vw_34fr_wf_co_geo_sg.jpg]
[localhost/ShopOnline/public/upload/product/mtp62_vw_34fr_watch-40-alum-spacegray-nc-5s_vw_34fr_wf_co_geo_sgaaa1.jpg]
[localhost/ShopOnline/public/js/responsiveslides.min.js]
[localhost/ShopOnline/public/js/memenu.js]
[localhost/ShopOnline/index.html]
[localhost/ShopOnline/admin/themes/font-awesome/fonts/fontawesome-webfont78ce.eot]
[localhost/ShopOnline/admin/themes/font-awesome/fonts/fontawesome-webfontd41d.eot]
[localhost/ShopOnline/admin/themes/font-awesome/fonts/fontawesome-webfont78ce.woff]
[localhost/ShopOnline/admin/themes/font-awesome/fonts/fontawesome-webfont78ce.ttf]
[localhost/ShopOnline/admin/themes/font-awesome/css/font-awesome.min.css]
[localhost/ShopOnline/public/fonts/glyphicons-halflings-regular.woff]
[localhost/ShopOnline/public/css/bootstrap.css]
[localhost/ShopOnline/public/fonts/JosefinSans-Regular.ttf]
[localhost/ShopOnline/public/fonts/JosefinSans-Light.ttf]
[localhost/ShopOnline/public/images/img-sprite-left-right.png]
[localhost/ShopOnline/public/images/star.png]
[localhost/ShopOnline/public/images/close.png]
[localhost/ShopOnline/public/css/style.css]
[localhost/ShopOnline/public/css/header.css]
[localhost/ShopOnline/public/css/livechat.css]
[localhost/ShopOnline/public/css/memenu.css]
[localhost/ShopOnline/public/content/arrow1.png]
[localhost/ShopOnline/public/upload/product/mtp62_vw_34fr_watch-40-alum-spacegray-nc-5s_vw_34fr_wf_co_geo_sg916a.jpg]
[localhost/ShopOnline/public/upload/product/dell_xps_15_7580916a.jpg]
[localhost/ShopOnline/intro.html]
[localhost/ShopOnline/contact.html]
[localhost/ShopOnline/public/upload/images/banner-1-banner-traide56.png]
[localhost/ShopOnline/public/upload/images/image1-1-banner-traide56.png]
[localhost/ShopOnline/public/upload/images/image2-1-banner-traide56.png]
[localhost/ShopOnline/public/upload/images/image3-1-banner-traide56.png]
[localhost/ShopOnline/public/upload/images/image4-1-banner-traide56.png]
[localhost/ShopOnline/public/upload/images/banner-2-banner-phaide56.png]
[localhost/ShopOnline/public/upload/product/macbook-air-mqd32_3de56.jpg]
[localhost/ShopOnline/public/upload/product/macbook-air-13-mree2de56.jpg]
[localhost/ShopOnline/public/upload/product/macbook-air-13-2019-silver-1de56.png]
[localhost/ShopOnline/public/upload/product/mbp13-gray_128gn-mpxq2de56.jpg]
[localhost/ShopOnline/public/upload/product/mbp13touch-silver-37cu-256gb_geo_us_4de56.jpg]
[localhost/ShopOnline/public/upload/product/dellinspiron14n3480-8145de56.jpg]
[localhost/ShopOnline/public/upload/product/dellvostro155581de56.jpg]
[localhost/ShopOnline/public/upload/product/dellvostro346870161069jpgde56.jpg]
[localhost/ShopOnline/public/upload/product/dellvostro15-5581-vrf6j1de56.jpg]
[localhost/ShopOnline/public/upload/product/dell-inspiron-3593-70197457-i5-1035g1de56.jpg]
[localhost/ShopOnline/public/upload/product/inspiron-3481-laptopnew1de56.jpg]
[localhost/ShopOnline/public/upload/product/dellvostro5581a-p77f001de56.jpg]
[localhost/ShopOnline/public/upload/product/applemousemagicmouse2de56.jpg]
[localhost/ShopOnline/public/upload/product/Applemagicmouse2MRME2de56.jpg]
[localhost/ShopOnline/public/upload/product/logitechg903de56.jpg]
[localhost/ShopOnline/public/upload/product/logitechg502herode56.jpg]
[localhost/ShopOnline/public/upload/images/advertise-3-banner-quang-cao-ngang-1de56.png]
[localhost/ShopOnline/public/upload/product/macbook-air-13-2019-gold-1de56.jpg]
[localhost/ShopOnline/public/upload/product/macbook-air-13-silver-mrea2de56.jpg]
[localhost/ShopOnline/public/upload/product/macbook-air-13-2019-grey-1de56.png]
[localhost/ShopOnline/public/upload/product/macbook-air-13-2019-silver-1_1de56.png]
[localhost/ShopOnline/public/upload/product/macbook-air-13-2019-grey-256_mvfj2de56.png]
[localhost/ShopOnline/public/upload/product/macbook-air-13-2018-grey-256gb-mre92de56.png]
[localhost/ShopOnline/public/upload/product/delllatitude7490de56.jpg]
[localhost/ShopOnline/public/upload/product/dellinspiron3480n4i5107wde56.jpg]
[localhost/ShopOnline/public/upload/product/dell-inspiron-n3476-c4i51121w-1de56.png]
[localhost/ShopOnline/public/upload/product/dellInspiron-7591-kj2g41de56.jpg]
[localhost/ShopOnline/public/upload/product/dell-inspiron-5480-n5480ade56.jpg]
[localhost/ShopOnline/public/upload/product/dellinspiron3593-70197459de56.jpg]
[localhost/ShopOnline/public/upload/product/chu_t-gaming-logitech-g603-lightspeed-wirelessde56.jpg]
[localhost/ShopOnline/public/upload/product/chuotlogitechg102de56.jpg]
[localhost/ShopOnline/public/upload/product/mbp13touch-muhp2-256-2019_geo_usde56.jpg]
[localhost/ShopOnline/public/upload/product/dell_xps_15_7580de56.jpg]
[localhost/ShopOnline/public/upload/product/mtp62_vw_34fr_watch-40-alum-spacegray-nc-5s_vw_34fr_wf_co_geo_sgde56.jpg]
[localhost/ShopOnline/home.html]
[localhost/ShopOnline/group/1-macbook.html]
[localhost/ShopOnline/public/upload/product/macbook-air-13-2018-grey-256gb-mre92fe48.png]
[localhost/ShopOnline/public/upload/product/macbook-air-13-2019-grey-256_mvfj2fe48.png]
[localhost/ShopOnline/public/upload/product/macbook-air-13-2019-silver-1_1fe48.png]
[localhost/ShopOnline/public/upload/product/macbook-air-13-2019-silver-1fe48.png]
[localhost/ShopOnline/public/upload/product/macbook-air-13-2019-grey-1fe48.png]
[localhost/ShopOnline/public/upload/product/macbook-air-13-silver-mrea2fe48.jpg]
[localhost/ShopOnline/public/upload/product/macbook-air-13-mree2fe48.jpg]
[localhost/ShopOnline/public/upload/product/macbook-air-13-2019-gold-1fe48.jpg]
[localhost/ShopOnline/public/upload/product/macbook-air-mqd32_3fe48.jpg]
[localhost/ShopOnline/public/upload/product/dell_xps_15_7580fe48.jpg]
[localhost/ShopOnline/public/upload/product/mbp13touch-muhp2-256-2019_geo_usfe48.jpg]
[localhost/ShopOnline/category/1-macbookair.html]
[localhost/ShopOnline/public/upload/product/mtp62_vw_34fr_watch-40-alum-spacegray-nc-5s_vw_34fr_wf_co_geo_sgfe48.jpg]
[localhost/ShopOnline/public/upload/product/mbp13touch-silver-37cu-256gb_geo_us_4fe48.jpg]
[localhost/ShopOnline/public/upload/product/mbp13-gray_128gn-mpxq2fe48.jpg]
[localhost/ShopOnline/category/2-macbookpro.html]
[localhost/ShopOnline/public/upload/product/dellinspiron3593-7019745981fe.jpg]
[localhost/ShopOnline/public/upload/product/dell-inspiron-5480-n5480a81fe.jpg]
[localhost/ShopOnline/public/upload/product/dellInspiron-7591-kj2g4181fe.jpg]
[localhost/ShopOnline/public/upload/product/dell-inspiron-n3476-c4i51121w-181fe.png]
[localhost/ShopOnline/public/upload/product/dellvostro5581a-p77f00181fe.jpg]
[localhost/ShopOnline/public/upload/product/inspiron-3481-laptopnew181fe.jpg]
[localhost/ShopOnline/public/upload/product/dell-inspiron-3593-70197457-i5-1035g181fe.jpg]
[localhost/ShopOnline/public/upload/product/dell_xps_15_758081fe.jpg]
[localhost/ShopOnline/public/upload/product/dellvostro15-5581-vrf6j181fe.jpg]
[localhost/ShopOnline/public/upload/product/dellinspiron3480n4i5107w81fe.jpg]
[localhost/ShopOnline/public/upload/product/dellvostro346870161069jpg81fe.jpg]
[localhost/ShopOnline/public/upload/product/delllatitude749081fe.jpg]
[localhost/ShopOnline/public/upload/product/dellvostro15558181fe.jpg]
[localhost/ShopOnline/public/upload/product/dellinspiron14n3480-814581fe.jpg]
[localhost/ShopOnline/public/upload/product/macbook-air-13-2019-silver-1_181fe.png]
[localhost/ShopOnline/group/2-dell.html]
[localhost/ShopOnline/category/3-inspiron.html]
[localhost/ShopOnline/public/upload/product/macbook-air-13-2019-silver-1_14b81.png]
[localhost/ShopOnline/public/upload/product/mbp13touch-muhp2-256-2019_geo_us4b81.jpg]
[localhost/ShopOnline/category/4-vostro.html]
[localhost/ShopOnline/public/upload/product/mtp62_vw_34fr_watch-40-alum-spacegray-nc-5s_vw_34fr_wf_co_geo_sgc0ba.jpg]
[localhost/ShopOnline/public/upload/product/Applemagicmouse2MRME2c0ba.jpg]
[localhost/ShopOnline/public/upload/product/chuotlogitechg102c0ba.jpg]
[localhost/ShopOnline/public/upload/product/applemousemagicmouse2c0ba.jpg]
[localhost/ShopOnline/public/upload/product/chu_t-gaming-logitech-g603-lightspeed-wirelessc0ba.jpg]
[localhost/ShopOnline/public/upload/product/logitechg502heroc0ba.jpg]
[localhost/ShopOnline/public/upload/product/logitechg903c0ba.jpg]
[localhost/ShopOnline/public/upload/product/dell_xps_15_7580c0ba.jpg]
[localhost/ShopOnline/public/upload/product/mbp13touch-muhp2-256-2019_geo_usc0ba.jpg]
[localhost/ShopOnline/group/3-chuot.html]
[localhost/ShopOnline/public/upload/product/macbook-air-13-2019-silver-1_1c0ba.png]
[localhost/ShopOnline/livesport.html]
[localhost/ShopOnline/cart.html]
[localhost/ShopOnline/public/upload/product/logitechg502hero5631.jpg]
[localhost/ShopOnline/public/upload/product/logitechg9035631.jpg]
[localhost/ShopOnline/public/upload/product/Applemagicmouse2MRME25631.jpg]
[localhost/ShopOnline/public/upload/product/applemousemagicmouse25631.jpg]
[localhost/ShopOnline/public/upload/product/dellvostro5581a-p77f0015631.jpg]
[localhost/ShopOnline/public/upload/product/inspiron-3481-laptopnew15631.jpg]
[localhost/ShopOnline/public/upload/product/dell-inspiron-3593-70197457-i5-1035g15631.jpg]
[localhost/ShopOnline/public/upload/product/dellvostro15-5581-vrf6j15631.jpg]
[localhost/ShopOnline/public/upload/product/dellvostro346870161069jpg5631.jpg]
[localhost/ShopOnline/public/upload/product/dellvostro1555815631.jpg]
[localhost/ShopOnline/public/upload/product/dellinspiron14n3480-81455631.jpg]
[localhost/ShopOnline/public/upload/product/mbp13touch-silver-37cu-256gb_geo_us_45631.jpg]
[localhost/ShopOnline/public/upload/product/mbp13-gray_128gn-mpxq25631.jpg]
[localhost/ShopOnline/public/upload/product/macbook-air-13-2019-silver-15631.png]
[localhost/ShopOnline/public/upload/product/macbook-air-13-mree25631.jpg]
[localhost/ShopOnline/public/upload/product/mtp62_vw_34fr_watch-40-alum-spacegray-nc-5s_vw_34fr_wf_co_geo_sg5631.jpg]
[localhost/ShopOnline/public/upload/product/mbp13touch-muhp2-256-2019_geo_us5631.jpg]
[localhost/ShopOnline/type/1-san-pham-order.html]
[localhost/ShopOnline/public/content/imagezoom.js]
[localhost/ShopOnline/public/content/jquery.flexslider.js]
[localhost/ShopOnline/public/content/facebook.png]
[localhost/ShopOnline/public/content/twitter.png]
[localhost/ShopOnline/public/content/rss.png]
[localhost/ShopOnline/public/content/gpluse.png]
[localhost/ShopOnline/public/upload/product/dell_xps_15_75803d53.jpg]
[localhost/ShopOnline/public/upload/product/mtp62_vw_34fr_watch-40-alum-spacegray-nc-5s_vw_34fr_wf_co_geo_sg3d53.jpg]
[localhost/ShopOnline/product/1-macbookair13inch.html]
[localhost/ShopOnline/public/upload/product/dell_xps_15_7580409e.jpg]
[localhost/ShopOnline/public/upload/product/macbook-air-13-2019-silver-1_1409e.png]
[localhost/ShopOnline/product/3-macbookair13inchmree2.html]
[localhost/ShopOnline/public/upload/product/dell_xps_15_7580faec.jpg]
[localhost/ShopOnline/public/upload/product/mtp62_vw_34fr_watch-40-alum-spacegray-nc-5s_vw_34fr_wf_co_geo_sgfaec.jpg]
[localhost/ShopOnline/product/6-macbookairsilver13inch.html]
[localhost/ShopOnline/public/upload/product/mbp13touch-muhp2-256-2019_geo_us293c.jpg]
[localhost/ShopOnline/public/upload/product/dell_xps_15_7580293c.jpg]
[localhost/ShopOnline/product/11-macbookpro13inch.html]
[localhost/ShopOnline/public/upload/product/dell_xps_15_758095e6.jpg]
[localhost/ShopOnline/public/upload/product/macbook-air-13-2019-silver-1_195e6.png]
[localhost/ShopOnline/product/13-macbookprotouch13inch.html]
[localhost/ShopOnline/public/upload/product/mbp13touch-muhp2-256-2019_geo_us8bfe.jpg]
[localhost/ShopOnline/public/upload/product/dell_xps_15_75808bfe.jpg]
[localhost/ShopOnline/product/14-dellinspiron14n3480.html]
[localhost/ShopOnline/public/upload/product/mtp62_vw_34fr_watch-40-alum-spacegray-nc-5s_vw_34fr_wf_co_geo_sg7624.jpg]
[localhost/ShopOnline/public/upload/product/mbp13touch-muhp2-256-2019_geo_us7624.jpg]
[localhost/ShopOnline/product/15-dellvostro155581.html]
[localhost/ShopOnline/public/upload/product/mbp13touch-muhp2-256-2019_geo_us4f25.jpg]
[localhost/ShopOnline/public/upload/product/mtp62_vw_34fr_watch-40-alum-spacegray-nc-5s_vw_34fr_wf_co_geo_sg4f25.jpg]
[localhost/ShopOnline/product/17-dellvostro346870161069.html]
[localhost/ShopOnline/public/upload/product/dell_xps_15_7580de7e.jpg]
[localhost/ShopOnline/public/upload/product/macbook-air-13-2019-silver-1_1de7e.png]
[localhost/ShopOnline/product/19-dellvostro155581vrf6j1.html]
[localhost/ShopOnline/public/upload/product/mtp62_vw_34fr_watch-40-alum-spacegray-nc-5s_vw_34fr_wf_co_geo_sg7790.jpg]
[localhost/ShopOnline/public/upload/product/mbp13touch-muhp2-256-2019_geo_us7790.jpg]
[localhost/ShopOnline/product/21-dellinspiron3593.html]
[localhost/ShopOnline/public/upload/product/dell_xps_15_75809f82.jpg]
[localhost/ShopOnline/public/upload/product/mtp62_vw_34fr_watch-40-alum-spacegray-nc-5s_vw_34fr_wf_co_geo_sg9f82.jpg]
[localhost/ShopOnline/product/22-laptopnew1.html]
[localhost/ShopOnline/public/upload/product/mtp62_vw_34fr_watch-40-alum-spacegray-nc-5s_vw_34fr_wf_co_geo_sg7631.jpg]
[localhost/ShopOnline/public/upload/product/dell_xps_15_75807631.jpg]
[localhost/ShopOnline/product/23-dellvostro5581a.html]
[localhost/ShopOnline/public/upload/product/macbook-air-13-2019-silver-1_1348e.png]
[localhost/ShopOnline/public/upload/product/dell_xps_15_7580348e.jpg]
[localhost/ShopOnline/product/28-applemousemagicmouse2.html]
[localhost/ShopOnline/public/upload/product/macbook-air-13-2019-silver-1_1ce3d.png]
[localhost/ShopOnline/public/upload/product/mtp62_vw_34fr_watch-40-alum-spacegray-nc-5s_vw_34fr_wf_co_geo_sgce3d.jpg]
[localhost/ShopOnline/product/29-Applemagicmouse2MRME2.html]
[localhost/ShopOnline/public/upload/product/macbook-air-13-2019-silver-1_1ae54.png]
[localhost/ShopOnline/public/upload/product/mbp13touch-muhp2-256-2019_geo_usae54.jpg]
[localhost/ShopOnline/product/30-logitechg903.html]
[localhost/ShopOnline/public/upload/product/mtp62_vw_34fr_watch-40-alum-spacegray-nc-5s_vw_34fr_wf_co_geo_sgbac3.jpg]
[localhost/ShopOnline/public/upload/product/mbp13touch-muhp2-256-2019_geo_usbac3.jpg]
[localhost/ShopOnline/product/31-logitechg502hero.html]
[localhost/ShopOnline/public/upload/product/Applemagicmouse2MRME26ba1.jpg]
[localhost/ShopOnline/public/upload/product/chuotlogitechg1026ba1.jpg]
[localhost/ShopOnline/public/upload/product/applemousemagicmouse26ba1.jpg]
[localhost/ShopOnline/public/upload/product/chu_t-gaming-logitech-g603-lightspeed-wireless6ba1.jpg]
[localhost/ShopOnline/public/upload/product/dellinspiron3593-701974596ba1.jpg]
[localhost/ShopOnline/public/upload/product/dell-inspiron-5480-n5480a6ba1.jpg]
[localhost/ShopOnline/public/upload/product/dellInspiron-7591-kj2g416ba1.jpg]
[localhost/ShopOnline/public/upload/product/dell-inspiron-n3476-c4i51121w-16ba1.png]
[localhost/ShopOnline/public/upload/product/dellinspiron3480n4i5107w6ba1.jpg]
[localhost/ShopOnline/public/upload/product/delllatitude74906ba1.jpg]
[localhost/ShopOnline/public/upload/product/macbook-air-13-2018-grey-256gb-mre926ba1.png]
[localhost/ShopOnline/public/upload/product/macbook-air-13-2019-grey-256_mvfj26ba1.png]
[localhost/ShopOnline/public/upload/product/macbook-air-13-2019-silver-1_16ba1.png]
[localhost/ShopOnline/public/upload/product/macbook-air-13-2019-grey-16ba1.png]
[localhost/ShopOnline/public/upload/product/macbook-air-13-silver-mrea26ba1.jpg]
[localhost/ShopOnline/public/upload/product/dell_xps_15_75806ba1.jpg]
[localhost/ShopOnline/public/upload/product/mbp13touch-muhp2-256-2019_geo_us6ba1.jpg]
[localhost/ShopOnline/type/2-san-pham-moi.html]
[localhost/ShopOnline/public/upload/product/macbook-air-13-2019-silver-1_14c62.png]
[localhost/ShopOnline/public/upload/product/dell_xps_15_75804c62.jpg]
[localhost/ShopOnline/product/2-macbookair13goldinch.html]
[localhost/ShopOnline/public/upload/product/macbook-air-13-2019-silver-1_1468b.png]
[localhost/ShopOnline/public/upload/product/mbp13touch-muhp2-256-2019_geo_us468b.jpg]
[localhost/ShopOnline/product/2-macbookair13goldinch-2.html]
[localhost/ShopOnline/public/upload/product/macbook-air-13-2019-silver-1_1dd4e.png]
[localhost/ShopOnline/public/upload/product/dell_xps_15_7580dd4e.jpg]
[localhost/ShopOnline/product/4-macbookairmrea2.html]
[localhost/ShopOnline/public/upload/product/macbook-air-13-2019-silver-1_19b89.png]
[localhost/ShopOnline/public/upload/product/mbp13touch-muhp2-256-2019_geo_us9b89.jpg]
[localhost/ShopOnline/product/4-macbookairmrea2-2.html]
[localhost/ShopOnline/public/upload/product/mtp62_vw_34fr_watch-40-alum-spacegray-nc-5s_vw_34fr_wf_co_geo_sg0446.jpg]
[localhost/ShopOnline/public/upload/product/dell_xps_15_75800446.jpg]
[localhost/ShopOnline/product/5-macbookair13inchgrey.html]
[localhost/ShopOnline/public/upload/product/mbp13touch-muhp2-256-2019_geo_us21c6.jpg]
[localhost/ShopOnline/public/upload/product/macbook-air-13-2019-silver-1_121c6.png]
[localhost/ShopOnline/product/5-macbookair13inchgrey-2.html]
[localhost/ShopOnline/public/upload/product/mtp62_vw_34fr_watch-40-alum-spacegray-nc-5s_vw_34fr_wf_co_geo_sg21c6.jpg]
[localhost/ShopOnline/product/8-macbookair13silver256inch.html]
[localhost/ShopOnline/public/upload/product/mbp13touch-muhp2-256-2019_geo_us77c5.jpg]
[localhost/ShopOnline/public/upload/product/dell_xps_15_758077c5.jpg]
[localhost/ShopOnline/product/8-macbookair13silver256inch-2.html]
[localhost/ShopOnline/product/9-macbookairmvf213inch.html]
[localhost/ShopOnline/public/upload/product/mtp62_vw_34fr_watch-40-alum-spacegray-nc-5s_vw_34fr_wf_co_geo_sg77c5.jpg]
[localhost/ShopOnline/public/upload/product/mtp62_vw_34fr_watch-40-alum-spacegray-nc-5s_vw_34fr_wf_co_geo_sg5181.jpg]
[localhost/ShopOnline/public/upload/product/mbp13touch-muhp2-256-2019_geo_us5181.jpg]
[localhost/ShopOnline/product/9-macbookairmvf213inch-2.html]
[localhost/ShopOnline/product/10-macbookair13inch.html]
[localhost/ShopOnline/public/upload/product/macbook-air-13-2019-silver-1_15181.png]
[localhost/ShopOnline/public/upload/product/macbook-air-13-2019-silver-1_1551a.png]
[localhost/ShopOnline/public/upload/product/mbp13touch-muhp2-256-2019_geo_us551a.jpg]
[localhost/ShopOnline/product/10-macbookair13inch-2.html]
[localhost/ShopOnline/public/upload/product/dell_xps_15_75809fdc.jpg]
[localhost/ShopOnline/public/upload/product/macbook-air-13-2019-silver-1_19fdc.png]
[localhost/ShopOnline/product/16-delllatitude7490.html]
[localhost/ShopOnline/public/upload/product/mbp13touch-muhp2-256-2019_geo_us4a7b.jpg]
[localhost/ShopOnline/public/upload/product/dell_xps_15_75804a7b.jpg]
[localhost/ShopOnline/product/16-delllatitude7490-2.html]
[localhost/ShopOnline/public/upload/product/dell_xps_15_7580db59.jpg]
[localhost/ShopOnline/public/upload/product/mtp62_vw_34fr_watch-40-alum-spacegray-nc-5s_vw_34fr_wf_co_geo_sgdb59.jpg]
[localhost/ShopOnline/product/18-dellinspiron3480n4i5107w.html]
[localhost/ShopOnline/public/upload/product/dell_xps_15_75804b57.jpg]
[localhost/ShopOnline/public/upload/product/mtp62_vw_34fr_watch-40-alum-spacegray-nc-5s_vw_34fr_wf_co_geo_sg4b57.jpg]
[localhost/ShopOnline/product/18-dellinspiron3480n4i5107w-2.html]
[localhost/ShopOnline/public/upload/product/macbook-air-13-2019-silver-1_1d06e.png]
[localhost/ShopOnline/public/upload/product/dell_xps_15_7580d06e.jpg]
[localhost/ShopOnline/product/24-ínpironn3476.html]
[localhost/ShopOnline/public/upload/product/dell_xps_15_7580fd8c.jpg]
[localhost/ShopOnline/public/upload/product/mbp13touch-muhp2-256-2019_geo_usfd8c.jpg]
[localhost/ShopOnline/product/24-ínpironn3476-2.html]
[localhost/ShopOnline/public/upload/product/dell_xps_15_7580b308.jpg]
[localhost/ShopOnline/public/upload/product/mbp13touch-muhp2-256-2019_geo_usb308.jpg]
[localhost/ShopOnline/product/25-dellinspiron7591.html]
[localhost/ShopOnline/public/upload/product/mtp62_vw_34fr_watch-40-alum-spacegray-nc-5s_vw_34fr_wf_co_geo_sg6383.jpg]
[localhost/ShopOnline/public/upload/product/macbook-air-13-2019-silver-1_16383.png]
[localhost/ShopOnline/product/25-dellinspiron7591-2.html]
[localhost/ShopOnline/public/upload/product/mtp62_vw_34fr_watch-40-alum-spacegray-nc-5s_vw_34fr_wf_co_geo_sg06c7.jpg]
[localhost/ShopOnline/public/upload/product/macbook-air-13-2019-silver-1_106c7.png]
[localhost/ShopOnline/product/26-dellinspiron5480.html]
[localhost/ShopOnline/public/upload/product/mbp13touch-muhp2-256-2019_geo_us777c.jpg]
[localhost/ShopOnline/public/upload/product/dell_xps_15_7580777c.jpg]
[localhost/ShopOnline/product/26-dellinspiron5480-2.html]
[localhost/ShopOnline/public/upload/product/mtp62_vw_34fr_watch-40-alum-spacegray-nc-5s_vw_34fr_wf_co_geo_sg849c.jpg]
[localhost/ShopOnline/public/upload/product/macbook-air-13-2019-silver-1_1849c.png]
[localhost/ShopOnline/product/27-dellinspiron359370197459.html]
[localhost/ShopOnline/public/upload/product/macbook-air-13-2019-silver-1_1dc8a.png]
[localhost/ShopOnline/public/upload/product/mtp62_vw_34fr_watch-40-alum-spacegray-nc-5s_vw_34fr_wf_co_geo_sgdc8a.jpg]
[localhost/ShopOnline/product/27-dellinspiron359370197459-2.html]
[localhost/ShopOnline/public/upload/product/mbp13touch-muhp2-256-2019_geo_us66ce.jpg]
[localhost/ShopOnline/public/upload/product/dell_xps_15_758066ce.jpg]
[localhost/ShopOnline/product/32-g603logitech.html]
[localhost/ShopOnline/public/upload/product/mtp62_vw_34fr_watch-40-alum-spacegray-nc-5s_vw_34fr_wf_co_geo_sg8273.jpg]
[localhost/ShopOnline/public/upload/product/macbook-air-13-2019-silver-1_18273.png]
[localhost/ShopOnline/product/32-g603logitech-2.html]
[localhost/ShopOnline/product/33-applemousemagicmousecu.html]
[localhost/ShopOnline/public/upload/product/dell_xps_15_75808273.jpg]
[localhost/ShopOnline/public/upload/product/mtp62_vw_34fr_watch-40-alum-spacegray-nc-5s_vw_34fr_wf_co_geo_sg7456.jpg]
[localhost/ShopOnline/public/upload/product/mbp13touch-muhp2-256-2019_geo_us7456.jpg]
[localhost/ShopOnline/product/33-applemousemagicmousecu-2.html]
[localhost/ShopOnline/product/34-chuotlogitechg102.html]
[localhost/ShopOnline/public/upload/product/mtp62_vw_34fr_watch-40-alum-spacegray-nc-5s_vw_34fr_wf_co_geo_sg6d6b.jpg]
[localhost/ShopOnline/public/upload/product/macbook-air-13-2019-silver-1_16d6b.png]
[localhost/ShopOnline/product/34-chuotlogitechg102-2.html]
[localhost/ShopOnline/public/upload/product/macbook-air-13-2019-silver-1_1747c.png]
[localhost/ShopOnline/public/upload/product/mbp13touch-muhp2-256-2019_geo_us747c.jpg]
[localhost/ShopOnline/product/35-Applemagicmousedakichhoat.html]
[localhost/ShopOnline/public/upload/product/dell_xps_15_7580747c.jpg]
[localhost/ShopOnline/product/35-Applemagicmousedakichhoat-2.html]
[localhost/ShopOnline/public/upload/product/mtp62_vw_34fr_watch-40-alum-spacegray-nc-5s_vw_34fr_wf_co_geo_sg747c.jpg]
[localhost/ShopOnline/public/upload/product/dell_xps_15_7580421a.jpg]
[localhost/ShopOnline/public/upload/product/mtp62_vw_34fr_watch-40-alum-spacegray-nc-5s_vw_34fr_wf_co_geo_sg421a.jpg]
[localhost/ShopOnline/type/3-san-pham-khuyen-mai.html]
[localhost/ShopOnline/public/upload/product/dell_xps_15_7580c572.jpg]
[localhost/ShopOnline/public/upload/product/mtp62_vw_34fr_watch-40-alum-spacegray-nc-5s_vw_34fr_wf_co_geo_sgc572.jpg]
[localhost/ShopOnline/product/7-logitechg502hero.html]
[localhost/ShopOnline/public/upload/product/dell_xps_15_75801744.jpg]
[localhost/ShopOnline/public/upload/product/mbp13touch-muhp2-256-2019_geo_us1744.jpg]
[localhost/ShopOnline/product/7-macbookair13silvermvfl2inch.html]
[localhost/ShopOnline/public/upload/product/dell_xps_15_7580eb85.jpg]
[localhost/ShopOnline/public/upload/product/macbook-air-13-2019-silver-1_1eb85.png]
[localhost/ShopOnline/product/12-logitechg502hero.html]
[localhost/ShopOnline/public/upload/product/mbp13touch-muhp2-256-2019_geo_us10bc.jpg]
[localhost/ShopOnline/public/upload/product/macbook-air-13-2019-silver-1_110bc.png]
[localhost/ShopOnline/product/12-macbookpromuph213inch.html]
[localhost/ShopOnline/product/20-logitechg502hero.html]
[localhost/ShopOnline/public/upload/product/mbp13touch-muhp2-256-2019_geo_usd403.jpg]
[localhost/ShopOnline/public/upload/product/dell_xps_15_7580d403.jpg]
[localhost/ShopOnline/product/20-dellxps15.html]
[localhost/ShopOnline/public/upload/product/dell_xps_15_7580c9d6.jpg]
[localhost/ShopOnline/public/upload/product/mbp13touch-muhp2-256-2019_geo_usc9d6.jpg]
[localhost/ShopOnline/product/36-logitechg502hero.html]
[localhost/ShopOnline/public/upload/product/macbook-air-13-2019-silver-1_10640.png]
[localhost/ShopOnline/public/upload/product/mbp13touch-muhp2-256-2019_geo_us0640.jpg]
[localhost/ShopOnline/product/36-Applewatch.html]
[localhost/ShopOnline/admin/themes/font-awesome/fonts/fontawesome-webfont78ce.svg]
[localhost/ShopOnline/cart/order/.html]
[localhost/ShopOnline/public/upload/product/macbook-air-mqd32_31a88.jpg]
[localhost/ShopOnline/public/upload/product/mbp13touch-muhp2-256-2019_geo_us570e.jpg]
[localhost/ShopOnline/public/upload/product/macbook-air-13-2019-silver-1_1570e.png]
[localhost/ShopOnline/type/1-san-pham-order&page=2.html]
[localhost/ShopOnline/public/content/style.css]
[localhost/ShopOnline/public/upload/images/banner-1-banner-trai1cb8.png]
[localhost/ShopOnline/public/upload/images/image1-1-banner-trai1cb8.png]
[localhost/ShopOnline/public/upload/images/image2-1-banner-trai1cb8.png]
[localhost/ShopOnline/public/upload/images/image3-1-banner-trai1cb8.png]
[localhost/ShopOnline/public/upload/images/image4-1-banner-trai1cb8.png]
[localhost/ShopOnline/public/upload/images/banner-2-banner-phai1cb8.png]
[localhost/ShopOnline/public/upload/product/macbook-air-mqd32_31cb8.jpg]
[localhost/ShopOnline/public/upload/product/macbook-air-13-mree21cb8.jpg]
[localhost/ShopOnline/public/upload/product/macbook-air-13-2019-silver-11cb8.png]
[localhost/ShopOnline/public/upload/product/mbp13-gray_128gn-mpxq21cb8.jpg]
[localhost/ShopOnline/public/upload/product/mbp13touch-silver-37cu-256gb_geo_us_41cb8.jpg]
[localhost/ShopOnline/public/upload/product/dellinspiron14n3480-81451cb8.jpg]
[localhost/ShopOnline/public/upload/product/dellvostro1555811cb8.jpg]
[localhost/ShopOnline/public/upload/product/dellvostro346870161069jpg1cb8.jpg]
[localhost/ShopOnline/public/upload/product/dellvostro15-5581-vrf6j11cb8.jpg]
[localhost/ShopOnline/public/upload/product/dell-inspiron-3593-70197457-i5-1035g11cb8.jpg]
[localhost/ShopOnline/public/upload/product/inspiron-3481-laptopnew11cb8.jpg]
[localhost/ShopOnline/public/upload/product/dellvostro5581a-p77f0011cb8.jpg]
[localhost/ShopOnline/public/upload/product/applemousemagicmouse21cb8.jpg]
[localhost/ShopOnline/public/upload/product/Applemagicmouse2MRME21cb8.jpg]
[localhost/ShopOnline/public/upload/product/logitechg9031cb8.jpg]
[localhost/ShopOnline/public/upload/product/logitechg502hero1cb8.jpg]
[localhost/ShopOnline/public/upload/images/advertise-3-banner-quang-cao-ngang-11cb8.png]
[localhost/ShopOnline/public/upload/product/macbook-air-13-2019-gold-11cb8.jpg]
[localhost/ShopOnline/public/upload/product/macbook-air-13-silver-mrea21cb8.jpg]
[localhost/ShopOnline/public/upload/product/macbook-air-13-2019-grey-11cb8.png]
[localhost/ShopOnline/public/upload/product/macbook-air-13-2019-silver-1_11cb8.png]
[localhost/ShopOnline/public/upload/product/macbook-air-13-2019-grey-256_mvfj21cb8.png]
[localhost/ShopOnline/public/upload/product/macbook-air-13-2018-grey-256gb-mre921cb8.png]
[localhost/ShopOnline/public/upload/product/delllatitude74901cb8.jpg]
[localhost/ShopOnline/public/upload/product/dellinspiron3480n4i5107w1cb8.jpg]
[localhost/ShopOnline/public/upload/product/dell-inspiron-n3476-c4i51121w-11cb8.png]
[localhost/ShopOnline/public/upload/product/dellInspiron-7591-kj2g411cb8.jpg]
[localhost/ShopOnline/public/upload/product/dell-inspiron-5480-n5480a1cb8.jpg]
[localhost/ShopOnline/public/upload/product/dellinspiron3593-701974591cb8.jpg]
[localhost/ShopOnline/public/upload/product/chu_t-gaming-logitech-g603-lightspeed-wireless1cb8.jpg]
[localhost/ShopOnline/public/upload/product/chuotlogitechg1021cb8.jpg]
[localhost/ShopOnline/public/upload/product/mbp13touch-muhp2-256-2019_geo_us1cb8.jpg]
[localhost/ShopOnline/public/upload/product/dell_xps_15_75801cb8.jpg]
[localhost/ShopOnline/public/upload/product/mtp62_vw_34fr_watch-40-alum-spacegray-nc-5s_vw_34fr_wf_co_geo_sg1cb8.jpg]
[localhost/ShopOnline/index565b.html]
[localhost/ShopOnline/public/content/flexslider.css]
[localhost/ShopOnline/public/upload/images/banner-1-banner-trai49fa.png]
[localhost/ShopOnline/public/upload/images/image1-1-banner-trai49fa.png]
[localhost/ShopOnline/public/upload/images/image2-1-banner-trai49fa.png]
[localhost/ShopOnline/public/upload/images/image3-1-banner-trai49fa.png]
[localhost/ShopOnline/public/upload/images/image4-1-banner-trai49fa.png]
[localhost/ShopOnline/public/upload/images/banner-2-banner-phai49fa.png]
[localhost/ShopOnline/public/upload/product/macbook-air-mqd32_349fa.jpg]
[localhost/ShopOnline/public/upload/product/macbook-air-13-mree249fa.jpg]
[localhost/ShopOnline/public/upload/product/macbook-air-13-2019-silver-149fa.png]
[localhost/ShopOnline/public/upload/product/mbp13-gray_128gn-mpxq249fa.jpg]
[localhost/ShopOnline/public/upload/product/mbp13touch-silver-37cu-256gb_geo_us_449fa.jpg]
[localhost/ShopOnline/public/upload/product/dellinspiron14n3480-814549fa.jpg]
[localhost/ShopOnline/public/upload/product/dellvostro15558149fa.jpg]
[localhost/ShopOnline/public/upload/product/dellvostro346870161069jpg49fa.jpg]
[localhost/ShopOnline/public/upload/product/dellvostro15-5581-vrf6j149fa.jpg]
[localhost/ShopOnline/public/upload/product/dell-inspiron-3593-70197457-i5-1035g149fa.jpg]
[localhost/ShopOnline/public/upload/product/inspiron-3481-laptopnew149fa.jpg]
[localhost/ShopOnline/public/upload/product/dellvostro5581a-p77f00149fa.jpg]
[localhost/ShopOnline/public/upload/product/applemousemagicmouse249fa.jpg]
[localhost/ShopOnline/public/upload/product/Applemagicmouse2MRME249fa.jpg]
[localhost/ShopOnline/public/upload/product/logitechg90349fa.jpg]
[localhost/ShopOnline/public/upload/product/logitechg502hero49fa.jpg]
[localhost/ShopOnline/public/upload/images/advertise-3-banner-quang-cao-ngang-149fa.png]
[localhost/ShopOnline/public/upload/product/macbook-air-13-2019-gold-149fa.jpg]
[localhost/ShopOnline/public/upload/product/macbook-air-13-silver-mrea249fa.jpg]
[localhost/ShopOnline/public/upload/product/macbook-air-13-2019-grey-149fa.png]
[localhost/ShopOnline/public/upload/product/macbook-air-13-2019-silver-1_149fa.png]
[localhost/ShopOnline/public/upload/product/macbook-air-13-2019-grey-256_mvfj249fa.png]
[localhost/ShopOnline/public/upload/product/macbook-air-13-2018-grey-256gb-mre9249fa.png]
[localhost/ShopOnline/public/upload/product/delllatitude749049fa.jpg]
[localhost/ShopOnline/public/upload/product/dellinspiron3480n4i5107w49fa.jpg]
[localhost/ShopOnline/public/upload/product/dell-inspiron-n3476-c4i51121w-149fa.png]
[localhost/ShopOnline/public/upload/product/dellInspiron-7591-kj2g4149fa.jpg]
[localhost/ShopOnline/public/upload/product/dell-inspiron-5480-n5480a49fa.jpg]
[localhost/ShopOnline/public/upload/product/dellinspiron3593-7019745949fa.jpg]
[localhost/ShopOnline/public/upload/product/chu_t-gaming-logitech-g603-lightspeed-wireless49fa.jpg]
[localhost/ShopOnline/public/upload/product/chuotlogitechg10249fa.jpg]
[localhost/ShopOnline/public/upload/product/mbp13touch-muhp2-256-2019_geo_us49fa.jpg]
[localhost/ShopOnline/public/upload/product/dell_xps_15_758049fa.jpg]
[localhost/ShopOnline/public/upload/product/mtp62_vw_34fr_watch-40-alum-spacegray-nc-5s_vw_34fr_wf_co_geo_sg49fa.jpg]
[localhost/ShopOnline/index7878.html]
[localhost/ShopOnline/public/upload/images/banner-1-banner-trai6e66.png]
[localhost/ShopOnline/public/upload/images/image1-1-banner-trai6e66.png]
[localhost/ShopOnline/public/upload/images/image2-1-banner-trai6e66.png]
[localhost/ShopOnline/public/upload/images/image3-1-banner-trai6e66.png]
[localhost/ShopOnline/public/upload/images/image4-1-banner-trai6e66.png]
[localhost/ShopOnline/public/upload/images/banner-2-banner-phai6e66.png]
[localhost/ShopOnline/public/upload/product/macbook-air-mqd32_36e66.jpg]
[localhost/ShopOnline/public/upload/product/macbook-air-13-mree26e66.jpg]
[localhost/ShopOnline/public/upload/product/macbook-air-13-2019-silver-16e66.png]
[localhost/ShopOnline/public/upload/product/mbp13-gray_128gn-mpxq26e66.jpg]
[localhost/ShopOnline/public/upload/product/mbp13touch-silver-37cu-256gb_geo_us_46e66.jpg]
[localhost/ShopOnline/public/upload/product/dellinspiron14n3480-81456e66.jpg]
[localhost/ShopOnline/public/upload/product/dellvostro1555816e66.jpg]
[localhost/ShopOnline/public/upload/product/dellvostro346870161069jpg6e66.jpg]
[localhost/ShopOnline/public/upload/product/dellvostro15-5581-vrf6j16e66.jpg]
[localhost/ShopOnline/public/upload/product/dell-inspiron-3593-70197457-i5-1035g16e66.jpg]
[localhost/ShopOnline/public/upload/product/inspiron-3481-laptopnew16e66.jpg]
[localhost/ShopOnline/public/upload/product/dellvostro5581a-p77f0016e66.jpg]
[localhost/ShopOnline/public/upload/product/applemousemagicmouse26e66.jpg]
[localhost/ShopOnline/public/upload/product/Applemagicmouse2MRME26e66.jpg]
[localhost/ShopOnline/public/upload/product/logitechg9036e66.jpg]
[localhost/ShopOnline/public/upload/product/logitechg502hero6e66.jpg]
[localhost/ShopOnline/public/upload/images/advertise-3-banner-quang-cao-ngang-16e66.png]
[localhost/ShopOnline/public/upload/product/macbook-air-13-2019-gold-16e66.jpg]
[localhost/ShopOnline/public/upload/product/macbook-air-13-silver-mrea26e66.jpg]
[localhost/ShopOnline/public/upload/product/macbook-air-13-2019-grey-16e66.png]
[localhost/ShopOnline/public/upload/product/macbook-air-13-2019-silver-1_16e66.png]
[localhost/ShopOnline/public/upload/product/macbook-air-13-2019-grey-256_mvfj26e66.png]
[localhost/ShopOnline/public/upload/product/macbook-air-13-2018-grey-256gb-mre926e66.png]
[localhost/ShopOnline/public/upload/product/delllatitude74906e66.jpg]
[localhost/ShopOnline/public/upload/product/dellinspiron3480n4i5107w6e66.jpg]
[localhost/ShopOnline/public/upload/product/dell-inspiron-n3476-c4i51121w-16e66.png]
[localhost/ShopOnline/public/upload/product/dellInspiron-7591-kj2g416e66.jpg]
[localhost/ShopOnline/public/upload/product/dell-inspiron-5480-n5480a6e66.jpg]
[localhost/ShopOnline/public/upload/product/dellinspiron3593-701974596e66.jpg]
[localhost/ShopOnline/public/upload/product/chu_t-gaming-logitech-g603-lightspeed-wireless6e66.jpg]
[localhost/ShopOnline/public/upload/product/chuotlogitechg1026e66.jpg]
[localhost/ShopOnline/public/upload/product/mbp13touch-muhp2-256-2019_geo_us6e66.jpg]
[localhost/ShopOnline/public/upload/product/dell_xps_15_75806e66.jpg]
[localhost/ShopOnline/public/upload/product/mtp62_vw_34fr_watch-40-alum-spacegray-nc-5s_vw_34fr_wf_co_geo_sg6e66.jpg]
[localhost/ShopOnline/index955a.html]
[localhost/ShopOnline/public/upload/images/banner-1-banner-traice3c.png]
[localhost/ShopOnline/public/upload/images/image1-1-banner-traice3c.png]
[localhost/ShopOnline/public/upload/images/image2-1-banner-traice3c.png]
[localhost/ShopOnline/public/upload/images/image3-1-banner-traice3c.png]
[localhost/ShopOnline/public/upload/images/image4-1-banner-traice3c.png]
[localhost/ShopOnline/public/upload/images/banner-2-banner-phaice3c.png]
[localhost/ShopOnline/public/upload/product/macbook-air-mqd32_3ce3c.jpg]
[localhost/ShopOnline/public/upload/product/macbook-air-13-mree2ce3c.jpg]
[localhost/ShopOnline/public/upload/product/macbook-air-13-2019-silver-1ce3c.png]
[localhost/ShopOnline/public/upload/product/mbp13-gray_128gn-mpxq2ce3c.jpg]
[localhost/ShopOnline/public/upload/product/mbp13touch-silver-37cu-256gb_geo_us_4ce3c.jpg]
[localhost/ShopOnline/public/upload/product/dellinspiron14n3480-8145ce3c.jpg]
[localhost/ShopOnline/public/upload/product/dellvostro155581ce3c.jpg]
[localhost/ShopOnline/public/upload/product/dellvostro346870161069jpgce3c.jpg]
[localhost/ShopOnline/public/upload/product/dellvostro15-5581-vrf6j1ce3c.jpg]
[localhost/ShopOnline/public/upload/product/dell-inspiron-3593-70197457-i5-1035g1ce3c.jpg]
[localhost/ShopOnline/public/upload/product/inspiron-3481-laptopnew1ce3c.jpg]
[localhost/ShopOnline/public/upload/product/dellvostro5581a-p77f001ce3c.jpg]
[localhost/ShopOnline/public/upload/product/applemousemagicmouse2ce3c.jpg]
[localhost/ShopOnline/public/upload/product/Applemagicmouse2MRME2ce3c.jpg]
[localhost/ShopOnline/public/upload/product/logitechg903ce3c.jpg]
[localhost/ShopOnline/public/upload/product/logitechg502heroce3c.jpg]
[localhost/ShopOnline/public/upload/images/advertise-3-banner-quang-cao-ngang-1ce3c.png]
[localhost/ShopOnline/public/upload/product/macbook-air-13-2019-gold-1ce3c.jpg]
[localhost/ShopOnline/public/upload/product/macbook-air-13-silver-mrea2ce3c.jpg]
[localhost/ShopOnline/public/upload/product/macbook-air-13-2019-grey-1ce3c.png]
[localhost/ShopOnline/public/upload/product/macbook-air-13-2019-silver-1_1ce3c.png]
[localhost/ShopOnline/public/upload/product/macbook-air-13-2019-grey-256_mvfj2ce3c.png]
[localhost/ShopOnline/public/upload/product/macbook-air-13-2018-grey-256gb-mre92ce3c.png]
[localhost/ShopOnline/public/upload/product/delllatitude7490ce3c.jpg]
[localhost/ShopOnline/public/upload/product/dellinspiron3480n4i5107wce3c.jpg]
[localhost/ShopOnline/public/upload/product/dell-inspiron-n3476-c4i51121w-1ce3c.png]
[localhost/ShopOnline/public/upload/product/dellInspiron-7591-kj2g41ce3c.jpg]
[localhost/ShopOnline/public/upload/product/dell-inspiron-5480-n5480ace3c.jpg]
[localhost/ShopOnline/public/upload/product/dellinspiron3593-70197459ce3c.jpg]
[localhost/ShopOnline/public/upload/product/chu_t-gaming-logitech-g603-lightspeed-wirelessce3c.jpg]
[localhost/ShopOnline/public/upload/product/chuotlogitechg102ce3c.jpg]
[localhost/ShopOnline/public/upload/product/mbp13touch-muhp2-256-2019_geo_usce3c.jpg]
[localhost/ShopOnline/public/upload/product/dell_xps_15_7580ce3c.jpg]
[localhost/ShopOnline/public/upload/product/mtp62_vw_34fr_watch-40-alum-spacegray-nc-5s_vw_34fr_wf_co_geo_sgce3c.jpg]
[localhost/ShopOnline/indexc1e6.html]
[localhost/ShopOnline/public/upload/images/banner-1-banner-traic8a7.png]
[localhost/ShopOnline/public/upload/images/image1-1-banner-traic8a7.png]
[localhost/ShopOnline/public/upload/images/image2-1-banner-traic8a7.png]
[localhost/ShopOnline/public/upload/images/image3-1-banner-traic8a7.png]
[localhost/ShopOnline/public/upload/images/image4-1-banner-traic8a7.png]
[localhost/ShopOnline/public/upload/images/banner-2-banner-phaic8a7.png]
[localhost/ShopOnline/public/upload/product/macbook-air-mqd32_3c8a7.jpg]
[localhost/ShopOnline/public/upload/product/macbook-air-13-mree2c8a7.jpg]
[localhost/ShopOnline/public/upload/product/macbook-air-13-2019-silver-1c8a7.png]
[localhost/ShopOnline/public/upload/product/mbp13-gray_128gn-mpxq2c8a7.jpg]
[localhost/ShopOnline/public/upload/product/mbp13touch-silver-37cu-256gb_geo_us_4c8a7.jpg]
[localhost/ShopOnline/public/upload/product/dellinspiron14n3480-8145c8a7.jpg]
[localhost/ShopOnline/public/upload/product/dellvostro155581c8a7.jpg]
[localhost/ShopOnline/public/upload/product/dellvostro346870161069jpgc8a7.jpg]
[localhost/ShopOnline/public/upload/product/dellvostro15-5581-vrf6j1c8a7.jpg]
[localhost/ShopOnline/public/upload/product/dell-inspiron-3593-70197457-i5-1035g1c8a7.jpg]
[localhost/ShopOnline/public/upload/product/inspiron-3481-laptopnew1c8a7.jpg]
[localhost/ShopOnline/public/upload/product/dellvostro5581a-p77f001c8a7.jpg]
[localhost/ShopOnline/public/upload/product/applemousemagicmouse2c8a7.jpg]
[localhost/ShopOnline/public/upload/product/Applemagicmouse2MRME2c8a7.jpg]
[localhost/ShopOnline/public/upload/product/logitechg903c8a7.jpg]
[localhost/ShopOnline/public/upload/product/logitechg502heroc8a7.jpg]
[localhost/ShopOnline/public/upload/images/advertise-3-banner-quang-cao-ngang-1c8a7.png]
[localhost/ShopOnline/public/upload/product/macbook-air-13-2019-gold-1c8a7.jpg]
[localhost/ShopOnline/public/upload/product/macbook-air-13-silver-mrea2c8a7.jpg]
[localhost/ShopOnline/public/upload/product/macbook-air-13-2019-grey-1c8a7.png]
[localhost/ShopOnline/public/upload/product/macbook-air-13-2019-silver-1_1c8a7.png]
[localhost/ShopOnline/public/upload/product/macbook-air-13-2019-grey-256_mvfj2c8a7.png]
[localhost/ShopOnline/public/upload/product/macbook-air-13-2018-grey-256gb-mre92c8a7.png]
[localhost/ShopOnline/public/upload/product/delllatitude7490c8a7.jpg]
[localhost/ShopOnline/public/upload/product/dellinspiron3480n4i5107wc8a7.jpg]
[localhost/ShopOnline/public/upload/product/dell-inspiron-n3476-c4i51121w-1c8a7.png]
[localhost/ShopOnline/public/upload/product/dellInspiron-7591-kj2g41c8a7.jpg]
[localhost/ShopOnline/public/upload/product/dell-inspiron-5480-n5480ac8a7.jpg]
[localhost/ShopOnline/public/upload/product/dellinspiron3593-70197459c8a7.jpg]
[localhost/ShopOnline/public/upload/product/chu_t-gaming-logitech-g603-lightspeed-wirelessc8a7.jpg]
[localhost/ShopOnline/public/upload/product/chuotlogitechg102c8a7.jpg]
[localhost/ShopOnline/public/upload/product/mbp13touch-muhp2-256-2019_geo_usc8a7.jpg]
[localhost/ShopOnline/public/upload/product/dell_xps_15_7580c8a7.jpg]
[localhost/ShopOnline/public/upload/product/mtp62_vw_34fr_watch-40-alum-spacegray-nc-5s_vw_34fr_wf_co_geo_sgc8a7.jpg]
[localhost/ShopOnline/indexc214.html]
[localhost/ShopOnline/public/upload/images/banner-1-banner-trai3447.png]
[localhost/ShopOnline/public/upload/images/image1-1-banner-trai3447.png]
[localhost/ShopOnline/public/upload/images/image2-1-banner-trai3447.png]
[localhost/ShopOnline/public/upload/images/image3-1-banner-trai3447.png]
[localhost/ShopOnline/public/upload/images/image4-1-banner-trai3447.png]
[localhost/ShopOnline/public/upload/images/banner-2-banner-phai3447.png]
[localhost/ShopOnline/public/upload/product/macbook-air-mqd32_33447.jpg]
[localhost/ShopOnline/public/upload/product/macbook-air-13-mree23447.jpg]
[localhost/ShopOnline/public/upload/product/macbook-air-13-2019-silver-13447.png]
[localhost/ShopOnline/public/upload/product/mbp13-gray_128gn-mpxq23447.jpg]
[localhost/ShopOnline/public/upload/product/mbp13touch-silver-37cu-256gb_geo_us_43447.jpg]
[localhost/ShopOnline/public/upload/product/dellinspiron14n3480-81453447.jpg]
[localhost/ShopOnline/public/upload/product/dellvostro1555813447.jpg]
[localhost/ShopOnline/public/upload/product/dellvostro346870161069jpg3447.jpg]
[localhost/ShopOnline/public/upload/product/dellvostro15-5581-vrf6j13447.jpg]
[localhost/ShopOnline/public/upload/product/dell-inspiron-3593-70197457-i5-1035g13447.jpg]
[localhost/ShopOnline/public/upload/product/inspiron-3481-laptopnew13447.jpg]
[localhost/ShopOnline/public/upload/product/dellvostro5581a-p77f0013447.jpg]
[localhost/ShopOnline/public/upload/product/applemousemagicmouse23447.jpg]
[localhost/ShopOnline/public/upload/product/Applemagicmouse2MRME23447.jpg]
[localhost/ShopOnline/public/upload/product/logitechg9033447.jpg]
[localhost/ShopOnline/public/upload/product/logitechg502hero3447.jpg]
[localhost/ShopOnline/public/upload/images/advertise-3-banner-quang-cao-ngang-13447.png]
[localhost/ShopOnline/public/upload/product/macbook-air-13-2019-gold-13447.jpg]
[localhost/ShopOnline/public/upload/product/macbook-air-13-silver-mrea23447.jpg]
[localhost/ShopOnline/public/upload/product/macbook-air-13-2019-grey-13447.png]
[localhost/ShopOnline/public/upload/product/macbook-air-13-2019-silver-1_13447.png]
[localhost/ShopOnline/public/upload/product/macbook-air-13-2019-grey-256_mvfj23447.png]
[localhost/ShopOnline/public/upload/product/macbook-air-13-2018-grey-256gb-mre923447.png]
[localhost/ShopOnline/public/upload/product/delllatitude74903447.jpg]
[localhost/ShopOnline/public/upload/product/dellinspiron3480n4i5107w3447.jpg]
[localhost/ShopOnline/public/upload/product/dell-inspiron-n3476-c4i51121w-13447.png]
[localhost/ShopOnline/public/upload/product/dellInspiron-7591-kj2g413447.jpg]
[localhost/ShopOnline/public/upload/product/dell-inspiron-5480-n5480a3447.jpg]
[localhost/ShopOnline/public/upload/product/dellinspiron3593-701974593447.jpg]
[localhost/ShopOnline/public/upload/product/chu_t-gaming-logitech-g603-lightspeed-wireless3447.jpg]
[localhost/ShopOnline/public/upload/product/chuotlogitechg1023447.jpg]
[localhost/ShopOnline/public/upload/product/mbp13touch-muhp2-256-2019_geo_us3447.jpg]
[localhost/ShopOnline/public/upload/product/dell_xps_15_75803447.jpg]
[localhost/ShopOnline/public/upload/product/mtp62_vw_34fr_watch-40-alum-spacegray-nc-5s_vw_34fr_wf_co_geo_sg3447.jpg]
[localhost/ShopOnline/index8af5.html]
[localhost/ShopOnline/public/upload/product/macbook-air-13-2019-gold-1d6ae.jpg]
[localhost/ShopOnline/public/upload/product/mbp13touch-muhp2-256-2019_geo_usd6ae.jpg]
[localhost/ShopOnline/type/2-san-pham-moi&page=2.html]
[localhost/ShopOnline/public/upload/product/dell_xps_15_7580d6ae.jpg]
[localhost/ShopOnline/public/upload/images/banner-1-banner-traia24c.png]
[localhost/ShopOnline/public/upload/images/image1-1-banner-traia24c.png]
[localhost/ShopOnline/public/upload/images/image2-1-banner-traia24c.png]
[localhost/ShopOnline/public/upload/images/image3-1-banner-traia24c.png]
[localhost/ShopOnline/public/upload/images/image4-1-banner-traia24c.png]
[localhost/ShopOnline/public/upload/images/banner-2-banner-phaia24c.png]
[localhost/ShopOnline/public/upload/product/macbook-air-mqd32_3a24c.jpg]
[localhost/ShopOnline/public/upload/product/macbook-air-13-mree2a24c.jpg]
[localhost/ShopOnline/public/upload/product/macbook-air-13-2019-silver-1a24c.png]
[localhost/ShopOnline/public/upload/product/mbp13-gray_128gn-mpxq2a24c.jpg]
[localhost/ShopOnline/public/upload/product/mbp13touch-silver-37cu-256gb_geo_us_4a24c.jpg]
[localhost/ShopOnline/public/upload/product/dellinspiron14n3480-8145a24c.jpg]
[localhost/ShopOnline/public/upload/product/dellvostro155581a24c.jpg]
[localhost/ShopOnline/public/upload/product/dellvostro346870161069jpga24c.jpg]
[localhost/ShopOnline/public/upload/product/dellvostro15-5581-vrf6j1a24c.jpg]
[localhost/ShopOnline/public/upload/product/dell-inspiron-3593-70197457-i5-1035g1a24c.jpg]
[localhost/ShopOnline/public/upload/product/inspiron-3481-laptopnew1a24c.jpg]
[localhost/ShopOnline/public/upload/product/dellvostro5581a-p77f001a24c.jpg]
[localhost/ShopOnline/public/upload/product/applemousemagicmouse2a24c.jpg]
[localhost/ShopOnline/public/upload/product/Applemagicmouse2MRME2a24c.jpg]
[localhost/ShopOnline/public/upload/product/logitechg903a24c.jpg]
[localhost/ShopOnline/public/upload/product/logitechg502heroa24c.jpg]
[localhost/ShopOnline/public/upload/images/advertise-3-banner-quang-cao-ngang-1a24c.png]
[localhost/ShopOnline/public/upload/product/macbook-air-13-2019-gold-1a24c.jpg]
[localhost/ShopOnline/public/upload/product/macbook-air-13-silver-mrea2a24c.jpg]
[localhost/ShopOnline/public/upload/product/macbook-air-13-2019-grey-1a24c.png]
[localhost/ShopOnline/public/upload/product/macbook-air-13-2019-silver-1_1a24c.png]
[localhost/ShopOnline/public/upload/product/macbook-air-13-2019-grey-256_mvfj2a24c.png]
[localhost/ShopOnline/public/upload/product/macbook-air-13-2018-grey-256gb-mre92a24c.png]
[localhost/ShopOnline/public/upload/product/delllatitude7490a24c.jpg]
[localhost/ShopOnline/public/upload/product/dellinspiron3480n4i5107wa24c.jpg]
[localhost/ShopOnline/public/upload/product/dell-inspiron-n3476-c4i51121w-1a24c.png]
[localhost/ShopOnline/public/upload/product/dellInspiron-7591-kj2g41a24c.jpg]
[localhost/ShopOnline/public/upload/product/dell-inspiron-5480-n5480aa24c.jpg]
[localhost/ShopOnline/public/upload/product/dellinspiron3593-70197459a24c.jpg]
[localhost/ShopOnline/public/upload/product/chu_t-gaming-logitech-g603-lightspeed-wirelessa24c.jpg]
[localhost/ShopOnline/public/upload/product/chuotlogitechg102a24c.jpg]
[localhost/ShopOnline/public/upload/product/mbp13touch-muhp2-256-2019_geo_usa24c.jpg]
[localhost/ShopOnline/public/upload/product/dell_xps_15_7580a24c.jpg]
[localhost/ShopOnline/public/upload/product/mtp62_vw_34fr_watch-40-alum-spacegray-nc-5s_vw_34fr_wf_co_geo_sga24c.jpg]
[localhost/ShopOnline/indexb51d.html]
[localhost/ShopOnline/public/upload/product/logitechg502hero7051.jpg]
[localhost/ShopOnline/public/upload/product/logitechg9037051.jpg]
[localhost/ShopOnline/public/upload/product/Applemagicmouse2MRME27051.jpg]
[localhost/ShopOnline/public/upload/product/applemousemagicmouse27051.jpg]
[localhost/ShopOnline/public/upload/product/dellvostro5581a-p77f0017051.jpg]
[localhost/ShopOnline/public/upload/product/inspiron-3481-laptopnew17051.jpg]
[localhost/ShopOnline/public/upload/product/dell-inspiron-3593-70197457-i5-1035g17051.jpg]
[localhost/ShopOnline/public/upload/product/dellvostro15-5581-vrf6j17051.jpg]
[localhost/ShopOnline/public/upload/product/dellvostro346870161069jpg7051.jpg]
[localhost/ShopOnline/public/upload/product/dellvostro1555817051.jpg]
[localhost/ShopOnline/public/upload/product/dellinspiron14n3480-81457051.jpg]
[localhost/ShopOnline/public/upload/product/mbp13touch-silver-37cu-256gb_geo_us_47051.jpg]
[localhost/ShopOnline/public/upload/product/mbp13-gray_128gn-mpxq27051.jpg]
[localhost/ShopOnline/public/upload/product/macbook-air-13-2019-silver-17051.png]
[localhost/ShopOnline/public/upload/product/macbook-air-13-mree27051.jpg]
[localhost/ShopOnline/public/upload/product/mbp13touch-muhp2-256-2019_geo_us7051.jpg]
[localhost/ShopOnline/type/1-san-pham-order-2.html]
[localhost/ShopOnline/public/upload/product/macbook-air-13-2019-silver-1_17051.png]
[localhost/ShopOnline/macbook-air-mqd32_3.html]
[localhost/ShopOnline/macbook-air-13-mree2.html]
[localhost/ShopOnline/macbook-air-13-2019-silver-1.html]
[localhost/ShopOnline/mbp13-gray_128gn-mpxq2.html]
[localhost/ShopOnline/mbp13touch-silver-37cu-256gb_geo_us_4.html]
[localhost/ShopOnline/dellinspiron14n3480-8145.html]
[localhost/ShopOnline/dellvostro155581.html]
[localhost/ShopOnline/dellvostro346870161069jpg.html]
[localhost/ShopOnline/dellvostro15-5581-vrf6j1.html]
[localhost/ShopOnline/dell-inspiron-3593-70197457-i5-1035g1.html]
[localhost/ShopOnline/inspiron-3481-laptopnew1.html]
[localhost/ShopOnline/dellvostro5581a-p77f001.html]
[localhost/ShopOnline/applemousemagicmouse2.html]
[localhost/ShopOnline/Applemagicmouse2MRME2.html]
[localhost/ShopOnline/logitechg903.html]
[localhost/ShopOnline/logitechg502hero.html]
[localhost/ShopOnline/public/upload/product/Applemagicmouse2MRME25087.jpg]
[localhost/ShopOnline/public/upload/product/chuotlogitechg1025087.jpg]
[localhost/ShopOnline/public/upload/product/applemousemagicmouse25087.jpg]
[localhost/ShopOnline/public/upload/product/chu_t-gaming-logitech-g603-lightspeed-wireless5087.jpg]
[localhost/ShopOnline/public/upload/product/dellinspiron3593-701974595087.jpg]
[localhost/ShopOnline/public/upload/product/dell-inspiron-5480-n5480a5087.jpg]
[localhost/ShopOnline/public/upload/product/dellInspiron-7591-kj2g415087.jpg]
[localhost/ShopOnline/public/upload/product/dell-inspiron-n3476-c4i51121w-15087.png]
[localhost/ShopOnline/public/upload/product/dellinspiron3480n4i5107w5087.jpg]
[localhost/ShopOnline/public/upload/product/delllatitude74905087.jpg]
[localhost/ShopOnline/public/upload/product/macbook-air-13-2018-grey-256gb-mre925087.png]
[localhost/ShopOnline/public/upload/product/macbook-air-13-2019-grey-256_mvfj25087.png]
[localhost/ShopOnline/public/upload/product/macbook-air-13-2019-silver-1_15087.png]
[localhost/ShopOnline/public/upload/product/macbook-air-13-2019-grey-15087.png]
[localhost/ShopOnline/public/upload/product/macbook-air-13-silver-mrea25087.jpg]
[localhost/ShopOnline/public/upload/product/dell_xps_15_75805087.jpg]
[localhost/ShopOnline/type/2-san-pham-moi-2.html]
[localhost/ShopOnline/macbook-air-13-2019-gold-1.html]
[localhost/ShopOnline/macbook-air-13-silver-mrea2.html]
[localhost/ShopOnline/macbook-air-13-2019-grey-1.html]
[localhost/ShopOnline/macbook-air-13-2019-silver-1_1.html]
[localhost/ShopOnline/macbook-air-13-2019-grey-256_mvfj2.html]
[localhost/ShopOnline/macbook-air-13-2018-grey-256gb-mre92.html]
[localhost/ShopOnline/delllatitude7490.html]
[localhost/ShopOnline/dellinspiron3480n4i5107w.html]
[localhost/ShopOnline/dell-inspiron-n3476-c4i51121w-1.html]
[localhost/ShopOnline/dellInspiron-7591-kj2g41.html]
[localhost/ShopOnline/dell-inspiron-5480-n5480a.html]
[localhost/ShopOnline/dellinspiron3593-70197459.html]
[localhost/ShopOnline/chu_t-gaming-logitech-g603-lightspeed-wireless.html]
[localhost/ShopOnline/chuotlogitechg102.html]
[localhost/ShopOnline/mbp13touch-muhp2-256-2019_geo_us.html]
[localhost/ShopOnline/dell_xps_15_7580.html]
[localhost/ShopOnline/mtp62_vw_34fr_watch-40-alum-spacegray-nc-5s_vw_34fr_wf_co_geo_sg.html]
